// Jest Snapshot v1, https://goo.gl/fbAQLP

exports[`LandingPage component should render correctly 1`] = `ShallowWrapper {}`;
